=== Execution ===
MAIN START
tasks created
Task A: period=100, deadline=100, exec_time=20
Task B: period=200, deadline=200, exec_time=40
Task C: period=400, deadline=400, exec_time=60
tasks registered
Starting scheduler
[IN ] Init at 0
INIT TASK START
Applying scheduling policy 1
No swap between 0 and 1
No swap between 0 and 2
End of pass 0
No swap between 1 and 2
End of pass 1
Setting priority for task 0
Set priority 8 for task 000002A43CFBB790
Setting priority for task 1
Set priority 7 for task 000002A43CFBB060
Setting priority for task 2
Set priority 6 for task 000002A43CFBB4D0
INIT TASK DONE
[OUT] Init at 6
[IN ] A at 6
[OUT] A at 6
[IN ] B at 6
[OUT] B at 6
[IN ] C at 6
[OUT] C at 7
[IN ] IDLE at 7
[OUT] IDLE at 106
[IN ] A at 106
[OUT] A at 126
[IN ] IDLE at 126
[OUT] IDLE at 206
[IN ] A at 206
[OUT] A at 226
[IN ] B at 226
[OUT] B at 267
[IN ] IDLE at 267
[OUT] IDLE at 306
[IN ] A at 306
[OUT] A at 326
[IN ] IDLE at 326
[OUT] IDLE at 406
[IN ] A at 406
[OUT] A at 426
[IN ] B at 426
[OUT] B at 466
[IN ] C at 466
[OUT] C at 506
[IN ] A at 506
[OUT] A at 526
[IN ] C at 526
[OUT] C at 526
[IN ] IDLE at 526
[OUT] IDLE at 606
[IN ] A at 606
[OUT] A at 626
[IN ] B at 626
[OUT] B at 666
[IN ] IDLE at 666
[OUT] IDLE at 706
[IN ] A at 706
[OUT] A at 726
[IN ] IDLE at 726
[OUT] IDLE at 806
[IN ] A at 806
[OUT] A at 826
[IN ] B at 826
[OUT] B at 867
[IN ] C at 867
[OUT] C at 906
[IN ] A at 906
[OUT] A at 926
[IN ] C at 926
[OUT] C at 928
[IN ] IDLE at 928
[OUT] IDLE at 1006
[IN ] A at 1006
[OUT] A at 1026
[IN ] B at 1026
[OUT] B at 1066
[IN ] IDLE at 1066
[OUT] IDLE at 1106
[IN ] A at 1106
[OUT] A at 1126
[IN ] IDLE at 1126
[OUT] IDLE at 1206
[IN ] A at 1206
[OUT] A at 1226
[IN ] B at 1226
[OUT] B at 1266
[IN ] C at 1266
[OUT] C at 1306
[IN ] A at 1306
[OUT] A at 1327
[IN ] C at 1327
[OUT] C at 1327
[IN ] IDLE at 1327
[OUT] IDLE at 1406
[IN ] A at 1406
[OUT] A at 1426
[IN ] B at 1426
[OUT] B at 1466
[IN ] IDLE at 1466
[OUT] IDLE at 1506
[IN ] A at 1506
[OUT] A at 1526
[IN ] IDLE at 1526
[OUT] IDLE at 1606
[IN ] A at 1606
[OUT] A at 1626
[IN ] B at 1626
[OUT] B at 1666
[IN ] C at 1666
[OUT] C at 1706
[IN ] A at 1706
[OUT] A at 1726
[IN ] C at 1726
[OUT] C at 1726
[IN ] IDLE at 1726
[OUT] IDLE at 1806
[IN ] A at 1806
[OUT] A at 1827